// Jest Snapshot v1, https://goo.gl/fbAQLP

exports[`RightNav (navigation) component renders as expected 1`] = `
<div>
  <ul
    className="nav navbar-nav navbar-right"
  />
</div>
`;
